{
  "opaque_functions": [
    {
      "name": "launch_setup(context, *args, **kwargs)",
      "returns": {
        "includes": [
          {
            "launch_description_source": "${PathJoinSubstitution:['FindPackageShare('generic_driver_pkg')', 'launch', 'generic_driver_pkg.launch.py']}",
            "launch_arguments": {
              "driver1_param_file": "${PathJoinSubstitution:['FindPackageShare('anon_package_launch')', 'params', 'robot', 'driver1_config.param.yaml']}"
            },
            "included": {}
          }
        ]
      }
    }
  ],
  "launch_argument_usages": [],
  "undeclared_launch_configurations": []
}